// Jest Snapshot v1, https://goo.gl/fbAQLP

exports[`CopyrightFooter should render 1`] = `
<div>
  <div
    class="css-o5g2qp"
  >
    <p
      class="chakra-text css-xi606m"
    >
      Â© 2024 Hourcoding.com | All rights reserved
    </p>
  </div>
</div>
`;
