// Jest Snapshot v1, https://goo.gl/fbAQLP

exports[`ModalProvider should render correctly 1`] = `
<div>
  App
</div>
`;

exports[`ModalProvider should render correctly with children 1`] = `
<div>
  <div>
    App
  </div>
</div>
`;
