// Jest Snapshot v1, https://goo.gl/fbAQLP

exports[`LandingPage should render correctly 1`] = `
<div>
  <div
    class="css-1wgbimk"
  >
    <div>
      <title>
        Template-boilerplate
      </title>
    </div>
    <button
      aria-label="instagram-icon"
      class="chakra-button css-1ehqmgk"
      type="button"
    >
      <svg
        aria-hidden="true"
        fill="currentColor"
        focusable="false"
        height="20"
        viewBox="0 0 24 24"
        width="20"
      >
        <path
          d="M9.57 3.38a8 8 0 0010.4 10.4 1 1 0 011.31 1.3 10 10 0 11-13-13 1 1 0 011.3 1.3zM7.1 5.04a8 8 0 1011.2 11.23A10 10 0 017.08 5.04z"
        />
      </svg>
    </button>
  </div>
</div>
`;
