// Jest Snapshot v1, https://goo.gl/fbAQLP

exports[`RouterProvider should render router provider correctly 1`] = `
<div>
  <div
    class="css-169qivt"
  >
    <div
      class="chakra-spinner css-1nkt52r"
    >
      <span
        class="css-8b45rq"
      >
        Loading...
      </span>
    </div>
  </div>
</div>
`;

exports[`RouterProvider should render router provider correctly 2`] = `
<div>
  <h2>
    Unexpected Application Error!
  </h2>
  <h3
    style="font-style: italic;"
  >
    {"name":""}
  </h3>
  <p>
    ðŸ’¿ Hey developer ðŸ‘‹
  </p>
  <p>
    You can provide a way better UX than this when your app throws errors by providing your own 
    <code
      style="padding: 2px 4px; background-color: rgba(200, 200, 200, 0.5);"
    >
      ErrorBoundary
    </code>
     or
     
    <code
      style="padding: 2px 4px; background-color: rgba(200, 200, 200, 0.5);"
    >
      errorElement
    </code>
     prop on your route.
  </p>
</div>
`;
