// Jest Snapshot v1, https://goo.gl/fbAQLP

exports[`Search modal Should render correctly 1`] = `
<div>
  <div
    class="css-1n6jq51"
  >
    Search
  </div>
</div>
`;
