// Jest Snapshot v1, https://goo.gl/fbAQLP

exports[`LocalizationProvider should render correctly 1`] = `
<div>
  <div>
     
    App made by Amit
     
  </div>
</div>
`;
